[Master] SymCC MPI Fuzzing Helper
[Master] Workers: 1
[Master] AFL queue: /tmp/bench_gfts-xml_read_fuzzer_hybrid4_r0_ryhkgptk/afl_out/fuzzer01/queue
[Master] AFL showmap: /usr/local/bin/afl-showmap
[Master] SymCC output: /tmp/bench_gfts-xml_read_fuzzer_hybrid4_r0_ryhkgptk/afl_out/symcc01
[Master] Adaptive scheduler: LinUCB + strategy portfolio
[Master] TopSeed campaign selector: enabled (0 candidates, 0 completed dispatches)
[Master] Online empirical domains: enabled
[Master] Self configuration: 28 parameters
[Master] Hot-swappable components: {'seed': 'fifo', 'splitter': 'whole', 'solver': 'exact', 'replay': 'prefix'}
[Master] Built-in agentic planner: /tmp/bench_gfts-xml_read_fuzzer_hybrid4_r0_ryhkgptk/afl_out/symcc01/.agentic_planner.json
[Master] Semantic fallback planner: {'branches': 0, 'paths': 0, 'observations': 0, 'kinds': {}, 'actions': {}}
[Master] Verified semantic proposals: records=0, loaded=0, status={}
[Master] Built-in semantic proposals: 0 generated, rules=0
[Master] Persistent state shards: 1 (0 analyzed hashes restored)
[Master] State-level task shards: 4 (steal window 64)
[Master] Saving all test cases to: /tmp/bench_gfts-xml_read_fuzzer_hybrid4_r0_ryhkgptk/symcc_all_outputs
[Master] 0 interesting / 0 generated, 1 busy (0 tc/s)
[Master] 0 interesting / 0 generated, 1 busy (0 tc/s)
[Master] 0 interesting / 0 generated, 1 busy (0 tc/s)
[Master] 0 interesting / 0 generated, 1 busy (0 tc/s)
[Master] 0 interesting / 0 generated, 1 busy (0 tc/s)
[Master] 0 interesting / 0 generated, 1 busy (0 tc/s)
[Master] 0 interesting / 0 generated, 1 busy (0 tc/s)
[Master] Stats: 0 ok, 0 failed, 0 interesting / 0 total, max_depth=0, active_workers=1/1, yield=[cov=0.28(a=1,b=1) symcc=0.10(a=1,b=1) normal=0.95(a=1,b=1)]
[Master] Adaptive: features=0 unique_paths=0 data_bits=0 prefix=0/0 strategy_pulls=[0, 0, 0, 0, 0, 0, 0] edge_dep=0/0 structural=0/0 mpc=0/0 executors={'exact': 0, 'tailored': 0} simifuzz=1/1/0
[Master] SemanticFallback: {'branches': 0, 'paths': 0, 'observations': 0, 'kinds': {}, 'actions': {}}
[Master] VerifiedProposals: {'schema': 15, 'records': 0, 'status': {}, 'rejected_inputs': 0, 'duplicate_inputs': 0, 'query_hole_records': 0, 'query_hole_query_ir_verified': 0, 'history_acquisition_records': 0, 'parser_validations': 0, 'parser_accepted': 0, 'parser_structural_contexts': 0, 'parser_trace_nodes': 0, 'parser_productions': 0, 'parser_recursive_productions': 0, 'parser_cfg_fragments': 0, 'parser_cfg_productions': 0, 'parser_cfg_cycles': 0, 'parser_cfg_recursive_slots': 0, 'parser_cfg_alternatives': 0, 'parser_epsilon_productions': 0, 'parser_packed_nodes': 0, 'parser_packed_edges': 0, 'parser_nullable_rules': 0, 'parser_nullable_proofs': 0, 'parser_nullable_sccs': 0, 'parser_ect_instances': 0, 'parser_ect_shapes': 0, 'synchronized_transactions': 0, 'parser_cache_entries': 0, 'parser_cache_requests': 0, 'parser_cache_incremental_offers': 0, 'parser_cache_hits': 0, 'parser_cache_reused_nodes': 0, 'parser_cache_invalidated_nodes': 0, 'parser_incremental_receipts': 0, 'parser_incremental_zero_reuse': 0, 'parser_node_id_proofs': 0, 'parser_wall_time_us': 0, 'parser_reported_parse_time_us': 0, 'parser_trace_bytes': 0, 'parser_forest_traces': 0, 'parser_forest_complete_traces': 0, 'parser_forest_proofs': 0, 'parser_forest_raw_nodes': 0, 'parser_forest_encoded_nodes': 0, 'parser_forest_primary_clones': 0, 'parser_forest_packed_alternatives': 0, 'parser_forest_edges': 0, 'parser_forest_nullable_rules': 0, 'parser_forest_parse_time_us': 0, 'parser_forest_grammars': 0, 'parser_cross_traces': 0, 'parser_cross_agreements': 0, 'parser_cross_both_accept': 0, 'parser_cross_primary_only': 0, 'parser_cross_secondary_only': 0, 'parser_cross_both_reject': 0, 'parser_cross_primary_time_us': 0, 'parser_cross_secondary_time_us': 0, 'parser_cross_structural_pairs': 0, 'parser_cross_primary_selected_spans': 0, 'parser_cross_primary_forest_spans': 0, 'parser_cross_secondary_spans': 0, 'parser_cross_selected_shared_spans': 0, 'parser_cross_forest_shared_spans': 0, 'parser_cross_selected_union_spans': 0, 'parser_cross_forest_union_spans': 0, 'parser_cross_primary_boundaries': 0, 'parser_cross_secondary_boundaries': 0, 'parser_cross_shared_boundaries': 0, 'parser_cross_union_boundaries': 0, 'parser_cross_primary_symbols': 0, 'parser_cross_secondary_symbols': 0, 'parser_cross_symbol_correspondences': 0, 'parser_cross_ambiguous_symbol_spans': 0, 'parser_cross_production_correspondences': 0, 'parser_cross_symbol_mappings': 0, 'parser_cross_production_mappings': 0, 'parser_cross_command_pairs': 0, 'parser_cache_enabled': 1, 'validated': 0, 'retained': 0, 'coverage_features': 0}
[Master] SelfConfig: {'parameters': 28, 'registry_parameters': 66, 'parameter_schema_hash': '82234528e9ab4bb8fd87b78779a2351f961ba57a47b3f8008df9e41f1384de02', 'registry_provenance_hash': 'a3961f43c4b88d836311aa4a06e583bd06524c2b4c56218901031a4a43efb885', 'registry_providers': 4, 'registry_errors': 0, 'registry_conflicts': 0, 'observations': 0, 'pending': 1, 'configurations': 0, 'contexts': 0, 'interactions': 0, 'prior_parameters': 0, 'expanded_values': 0, 'top_impacts': [['SYMCC_EXECUTOR_CLASS', 0.0, 0], ['SYMCC_FAST_SOLVE', 0.0, 0], ['SYMCC_MULTI_SOLVE', 0.0, 0], ['SYMCC_OPTIMISTIC_FIRST', 0.0, 0], ['SYMCC_BACKSOLVER', 0.0, 0], ['SYMCC_UNSAT_CORE_CACHE', 0.0, 0], ['SYMCC_PREFIX_CONTEXT_CACHE', 0.0, 0], ['SYMCC_POLY_CACHE', 0.0, 0]], 'value_policy': 'hybrid', 'silhouette_threshold': 0.7, 'cluster_window': 64, 'min_cluster_samples': 6, 'exploration_reserve': 0.1, 'value_models': 0, 'value_samples': 0, 'value_policy_counts': {'exploit': 0, 'explore': 0, 'thompson': 0, 'constructed': 0, 'state_rejections': 0}, 'parameter_policy': 'hybrid', 'parameter_selection_window': 128, 'parameter_coverage_observations': 0, 'parameter_coverage_features': 0, 'parameter_policy_counts': {'extraction': 1, 'parasuit': 0, 'hybrid': 0, 'hierarchical': 0, 'fallback': 0, 'missing_coverage': 0, 'state_rejections': 0}}
[Master] Components: {'schema': 1, 'current': {'seed': 'yield', 'splitter': 'density', 'solver': 'exact', 'replay': 'balanced'}, 'switches': 2, 'observations': 0, 'families': {'seed': {'contextual': {'alpha': 1.0, 'beta': 1.0, 'pulls': 0, 'reward_sum': 0.0, 'cost_sum': 0.0}, 'frontier': {'alpha': 1.0, 'beta': 1.0, 'pulls': 0, 'reward_sum': 0.0, 'cost_sum': 0.0}, 'yield': {'alpha': 1.0, 'beta': 1.0, 'pulls': 0, 'reward_sum': 0.0, 'cost_sum': 0.0}, 'fifo': {'alpha': 1.0, 'beta': 1.0, 'pulls': 0, 'reward_sum': 0.0, 'cost_sum': 0.0}}, 'splitter': {'whole': {'alpha': 1.0, 'beta': 1.0, 'pulls': 0, 'reward_sum': 0.0, 'cost_sum': 0.0}, 'focus': {'alpha': 1.0, 'beta': 1.0, 'pulls': 0, 'reward_sum': 0.0, 'cost_sum': 0.0}, 'density': {'alpha': 1.0, 'beta': 1.0, 'pulls': 0, 'reward_sum': 0.0, 'cost_sum': 0.0}}, 'solver': {'learned': {'alpha': 1.0, 'beta': 1.0, 'pulls': 0, 'reward_sum': 0.0, 'cost_sum': 0.0}, 'exact': {'alpha': 1.0, 'beta': 1.0, 'pulls': 0, 'reward_sum': 0.0, 'cost_sum': 0.0}, 'diverse': {'alpha': 1.0, 'beta': 1.0, 'pulls': 0, 'reward_sum': 0.0, 'cost_sum': 0.0}}, 'replay': {'balanced': {'alpha': 1.0, 'beta': 1.0, 'pulls': 0, 'reward_sum': 0.0, 'cost_sum': 0.0}, 'prefix': {'alpha': 1.0, 'beta': 1.0, 'pulls': 0, 'reward_sum': 0.0, 'cost_sum': 0.0}, 'fresh': {'alpha': 1.0, 'beta': 1.0, 'pulls': 0, 'reward_sum': 0.0, 'cost_sum': 0.0}}}} parallel={'current': 1, 'minimum': 1, 'maximum': 1, 'direction': 1, 'adjustments': 0, 'previous_utility': None}
[PROF] scan=1.37s/145x dispatch=0.01s/1x recv=0.00s/0x(0KB) triage=0.00s/0x idle=11.20s
[Master] 0 interesting / 0 generated, 1 busy (0 tc/s)
[Master] 0 interesting / 0 generated, 1 busy (0 tc/s)
[Master] 0 interesting / 0 generated, 1 busy (0 tc/s)
[Master] 0 interesting / 0 generated, 1 busy (0 tc/s)
[Master] 48 interesting / 293 generated, 1 busy (125 tc/s)
[Master] Verified proposals: +0 ingested, 2 queued
[Master] Verified proposals: +0 ingested, 2 queued
[Master] 66 interesting / 374 generated, 1 busy (40 tc/s)
[Master] Verified proposals: +0 ingested, 2 queued
[Master] Verified proposals: +0 ingested, 2 queued
[Master] 66 interesting / 374 generated, 1 busy (0 tc/s)
[Master] Verified proposals: +0 ingested, 2 queued
[Master] Verified proposals: +0 ingested, 2 queued
[Master] Stats: 16 ok, 0 failed, 66 interesting / 374 total, max_depth=1, active_workers=1/1, yield=[cov=0.32(a=4,b=10) symcc=0.39(a=1,b=1) normal=0.28(a=2,b=4)]
[Master] Adaptive: features=1910 unique_paths=4 data_bits=0 prefix=720/255 strategy_pulls=[16, 0, 0, 0, 0, 0, 0] edge_dep=94/5438 structural=0/0 mpc=0/0 executors={'exact': 3, 'tailored': 11, 'sampling': 2} simifuzz=1/17/0
[Master] SemanticFallback: {'branches': 932, 'paths': 16, 'observations': 16, 'kinds': {'byte_local': 466, 'opaque': 466}, 'actions': {'solve': 561, 'sample': 371}}
[Master] VerifiedProposals: {'schema': 15, 'records': 36, 'status': {'retry': 4, 'queued': 8, 'pending': 24}, 'rejected_inputs': 0, 'duplicate_inputs': 0, 'query_hole_records': 0, 'query_hole_query_ir_verified': 0, 'history_acquisition_records': 0, 'parser_validations': 0, 'parser_accepted': 0, 'parser_structural_contexts': 0, 'parser_trace_nodes': 0, 'parser_productions': 0, 'parser_recursive_productions': 0, 'parser_cfg_fragments': 0, 'parser_cfg_productions': 0, 'parser_cfg_cycles': 0, 'parser_cfg_recursive_slots': 0, 'parser_cfg_alternatives': 0, 'parser_epsilon_productions': 0, 'parser_packed_nodes': 0, 'parser_packed_edges': 0, 'parser_nullable_rules': 0, 'parser_nullable_proofs': 0, 'parser_nullable_sccs': 0, 'parser_ect_instances': 0, 'parser_ect_shapes': 0, 'synchronized_transactions': 0, 'parser_cache_entries': 0, 'parser_cache_requests': 0, 'parser_cache_incremental_offers': 0, 'parser_cache_hits': 0, 'parser_cache_reused_nodes': 0, 'parser_cache_invalidated_nodes': 0, 'parser_incremental_receipts': 0, 'parser_incremental_zero_reuse': 0, 'parser_node_id_proofs': 0, 'parser_wall_time_us': 0, 'parser_reported_parse_time_us': 0, 'parser_trace_bytes': 0, 'parser_forest_traces': 0, 'parser_forest_complete_traces': 0, 'parser_forest_proofs': 0, 'parser_forest_raw_nodes': 0, 'parser_forest_encoded_nodes': 0, 'parser_forest_primary_clones': 0, 'parser_forest_packed_alternatives': 0, 'parser_forest_edges': 0, 'parser_forest_nullable_rules': 0, 'parser_forest_parse_time_us': 0, 'parser_forest_grammars': 0, 'parser_cross_traces': 0, 'parser_cross_agreements': 0, 'parser_cross_both_accept': 0, 'parser_cross_primary_only': 0, 'parser_cross_secondary_only': 0, 'parser_cross_both_reject': 0, 'parser_cross_primary_time_us': 0, 'parser_cross_secondary_time_us': 0, 'parser_cross_structural_pairs': 0, 'parser_cross_primary_selected_spans': 0, 'parser_cross_primary_forest_spans': 0, 'parser_cross_secondary_spans': 0, 'parser_cross_selected_shared_spans': 0, 'parser_cross_forest_shared_spans': 0, 'parser_cross_selected_union_spans': 0, 'parser_cross_forest_union_spans': 0, 'parser_cross_primary_boundaries': 0, 'parser_cross_secondary_boundaries': 0, 'parser_cross_shared_boundaries': 0, 'parser_cross_union_boundaries': 0, 'parser_cross_primary_symbols': 0, 'parser_cross_secondary_symbols': 0, 'parser_cross_symbol_correspondences': 0, 'parser_cross_ambiguous_symbol_spans': 0, 'parser_cross_production_correspondences': 0, 'parser_cross_symbol_mappings': 0, 'parser_cross_production_mappings': 0, 'parser_cross_command_pairs': 0, 'parser_cache_enabled': 1, 'validated': 4, 'retained': 0, 'coverage_features': 0}
[Master] SelfConfig: {'parameters': 28, 'registry_parameters': 66, 'parameter_schema_hash': '82234528e9ab4bb8fd87b78779a2351f961ba57a47b3f8008df9e41f1384de02', 'registry_provenance_hash': 'a3961f43c4b88d836311aa4a06e583bd06524c2b4c56218901031a4a43efb885', 'registry_providers': 4, 'registry_errors': 0, 'registry_conflicts': 0, 'observations': 16, 'pending': 1, 'configurations': 13, 'contexts': 2, 'interactions': 0, 'prior_parameters': 0, 'expanded_values': 0, 'top_impacts': [['SYMCC_MULTI_SOLVE', 0.244909, 3], ['SYMCC_EXECUTOR_CLASS', 0.163612, 3], ['SYMCC_BACKSOLVER', 0.108535, 2], ['SYMCC_POLY_CROSS_PREFIX', 2.2e-05, 2], ['SYMCC_POLY_CACHE', 2.1e-05, 2], ['SYMCC_OPTIMISTIC_FIRST', 1e-06, 2], ['SYMCC_FAST_SOLVE', 0.0, 2], ['SYMCC_UNSAT_CORE_CACHE', 0.0, 0]], 'value_policy': 'hybrid', 'silhouette_threshold': 0.7, 'cluster_window': 64, 'min_cluster_samples': 6, 'exploration_reserve': 0.1, 'value_models': 7, 'value_samples': 16, 'value_policy_counts': {'exploit': 0, 'explore': 0, 'thompson': 0, 'constructed': 0, 'state_rejections': 0}, 'parameter_policy': 'hybrid', 'parameter_selection_window': 128, 'parameter_coverage_observations': 16, 'parameter_coverage_features': 97, 'parameter_policy_counts': {'extraction': 17, 'parasuit': 0, 'hybrid': 0, 'hierarchical': 0, 'fallback': 0, 'missing_coverage': 0, 'state_rejections': 0}}
[Master] Components: {'schema': 1, 'current': {'seed': 'frontier', 'splitter': 'focus', 'solver': 'learned', 'replay': 'fresh'}, 'switches': 3, 'observations': 16, 'families': {'seed': {'contextual': {'alpha': 1.0, 'beta': 1.0, 'pulls': 0, 'reward_sum': 0.0, 'cost_sum': 0.0}, 'frontier': {'alpha': 1.0, 'beta': 1.0, 'pulls': 0, 'reward_sum': 0.0, 'cost_sum': 0.0}, 'yield': {'alpha': 3.2491556474127288, 'beta': 13.75084435258727, 'pulls': 15, 'reward_sum': 2.2491556474127288, 'cost_sum': 0.4500784860283602}, 'fifo': {'alpha': 1.3843320686368958, 'beta': 1.6156679313631042, 'pulls': 1, 'reward_sum': 0.3843320686368959, 'cost_sum': 22.046988539019367}}, 'splitter': {'whole': {'alpha': 1.3843320686368958, 'beta': 1.6156679313631042, 'pulls': 1, 'reward_sum': 0.3843320686368959, 'cost_sum': 22.046988539019367}, 'focus': {'alpha': 1.0, 'beta': 1.0, 'pulls': 0, 'reward_sum': 0.0, 'cost_sum': 0.0}, 'density': {'alpha': 3.2491556474127288, 'beta': 13.75084435258727, 'pulls': 15, 'reward_sum': 2.2491556474127288, 'cost_sum': 0.4500784860283602}}, 'solver': {'learned': {'alpha': 1.0, 'beta': 1.0, 'pulls': 0, 'reward_sum': 0.0, 'cost_sum': 0.0}, 'exact': {'alpha': 3.6334877160496246, 'beta': 14.366512283950376, 'pulls': 16, 'reward_sum': 2.6334877160496246, 'cost_sum': 22.497067025047727}, 'diverse': {'alpha': 1.0, 'beta': 1.0, 'pulls': 0, 'reward_sum': 0.0, 'cost_sum': 0.0}}, 'replay': {'balanced': {'alpha': 3.2491556474127288, 'beta': 13.75084435258727, 'pulls': 15, 'reward_sum': 2.2491556474127288, 'cost_sum': 0.4500784860283602}, 'prefix': {'alpha': 1.3843320686368958, 'beta': 1.6156679313631042, 'pulls': 1, 'reward_sum': 0.3843320686368959, 'cost_sum': 22.046988539019367}, 'fresh': {'alpha': 1.0, 'beta': 1.0, 'pulls': 0, 'reward_sum': 0.0, 'cost_sum': 0.0}}}} parallel={'current': 1, 'minimum': 1, 'maximum': 1, 'direction': 1, 'adjustments': 0, 'previous_utility': None}
[PROF] scan=3.14s/283x dispatch=0.31s/17x recv=0.02s/16x(9KB) triage=0.95s/16x idle=19.20s
[Master] 66 interesting / 374 generated, 1 busy (0 tc/s)
[Master] Verified proposals: +0 ingested, 2 queued
[Master] Verified proposals: +0 ingested, 2 queued
[Master] 66 interesting / 385 generated, 1 busy (5 tc/s)
[Master] Verified proposals: +0 ingested, 2 queued
[Master] Verified proposals: +0 ingested, 2 queued
[Master] 66 interesting / 385 generated, 1 busy (0 tc/s)
[Master] Verified proposals: +0 ingested, 2 queued
[Master] Verified proposals: +0 ingested, 2 queued
[Master] 66 interesting / 385 generated, 1 busy (0 tc/s)
[Master] Verified proposals: +0 ingested, 2 queued
[Master] Verified proposals: +0 ingested, 2 queued
[Master] 66 interesting / 385 generated, 1 busy (0 tc/s)
[Master] Verified proposals: +0 ingested, 2 queued
[Master] Verified proposals: +0 ingested, 2 queued
[Master] 66 interesting / 385 generated, 1 busy (0 tc/s)
[Master] Verified proposals: +0 ingested, 2 queued
[Master] Verified proposals: +0 ingested, 2 queued
[Master] 66 interesting / 385 generated, 1 busy (0 tc/s)
[Master] Verified proposals: +0 ingested, 2 queued
[Master] Verified proposals: +0 ingested, 1 queued
[Master] Stats: 41 ok, 0 failed, 66 interesting / 385 total, max_depth=1, active_workers=1/1, yield=[cov=0.26(a=4,b=11) symcc=0.68(a=1,b=1) normal=0.02(a=2,b=28)]
[Master] Adaptive: features=1910 unique_paths=5 data_bits=0 prefix=772/266 strategy_pulls=[41, 0, 0, 0, 0, 0, 0] edge_dep=104/6240 structural=0/0 mpc=0/0 executors={'exact': 9, 'tailored': 25, 'sampling': 7} simifuzz=1/42/0
[Master] SemanticFallback: {'branches': 1020, 'paths': 41, 'observations': 41, 'kinds': {'byte_local': 510, 'opaque': 510}, 'actions': {'solve': 608, 'sample': 412}}
[Master] VerifiedProposals: {'schema': 15, 'records': 39, 'status': {'retry': 28, 'dispatched': 1, 'queued': 10}, 'rejected_inputs': 0, 'duplicate_inputs': 0, 'query_hole_records': 0, 'query_hole_query_ir_verified': 0, 'history_acquisition_records': 0, 'parser_validations': 0, 'parser_accepted': 0, 'parser_structural_contexts': 0, 'parser_trace_nodes': 0, 'parser_productions': 0, 'parser_recursive_productions': 0, 'parser_cfg_fragments': 0, 'parser_cfg_productions': 0, 'parser_cfg_cycles': 0, 'parser_cfg_recursive_slots': 0, 'parser_cfg_alternatives': 0, 'parser_epsilon_productions': 0, 'parser_packed_nodes': 0, 'parser_packed_edges': 0, 'parser_nullable_rules': 0, 'parser_nullable_proofs': 0, 'parser_nullable_sccs': 0, 'parser_ect_instances': 0, 'parser_ect_shapes': 0, 'synchronized_transactions': 0, 'parser_cache_entries': 0, 'parser_cache_requests': 0, 'parser_cache_incremental_offers': 0, 'parser_cache_hits': 0, 'parser_cache_reused_nodes': 0, 'parser_cache_invalidated_nodes': 0, 'parser_incremental_receipts': 0, 'parser_incremental_zero_reuse': 0, 'parser_node_id_proofs': 0, 'parser_wall_time_us': 0, 'parser_reported_parse_time_us': 0, 'parser_trace_bytes': 0, 'parser_forest_traces': 0, 'parser_forest_complete_traces': 0, 'parser_forest_proofs': 0, 'parser_forest_raw_nodes': 0, 'parser_forest_encoded_nodes': 0, 'parser_forest_primary_clones': 0, 'parser_forest_packed_alternatives': 0, 'parser_forest_edges': 0, 'parser_forest_nullable_rules': 0, 'parser_forest_parse_time_us': 0, 'parser_forest_grammars': 0, 'parser_cross_traces': 0, 'parser_cross_agreements': 0, 'parser_cross_both_accept': 0, 'parser_cross_primary_only': 0, 'parser_cross_secondary_only': 0, 'parser_cross_both_reject': 0, 'parser_cross_primary_time_us': 0, 'parser_cross_secondary_time_us': 0, 'parser_cross_structural_pairs': 0, 'parser_cross_primary_selected_spans': 0, 'parser_cross_primary_forest_spans': 0, 'parser_cross_secondary_spans': 0, 'parser_cross_selected_shared_spans': 0, 'parser_cross_forest_shared_spans': 0, 'parser_cross_selected_union_spans': 0, 'parser_cross_forest_union_spans': 0, 'parser_cross_primary_boundaries': 0, 'parser_cross_secondary_boundaries': 0, 'parser_cross_shared_boundaries': 0, 'parser_cross_union_boundaries': 0, 'parser_cross_primary_symbols': 0, 'parser_cross_secondary_symbols': 0, 'parser_cross_symbol_correspondences': 0, 'parser_cross_ambiguous_symbol_spans': 0, 'parser_cross_production_correspondences': 0, 'parser_cross_symbol_mappings': 0, 'parser_cross_production_mappings': 0, 'parser_cross_command_pairs': 0, 'parser_cache_enabled': 1, 'validated': 28, 'retained': 0, 'coverage_features': 0}
[Master] SelfConfig: {'parameters': 28, 'registry_parameters': 66, 'parameter_schema_hash': '82234528e9ab4bb8fd87b78779a2351f961ba57a47b3f8008df9e41f1384de02', 'registry_provenance_hash': 'a3961f43c4b88d836311aa4a06e583bd06524c2b4c56218901031a4a43efb885', 'registry_providers': 4, 'registry_errors': 0, 'registry_conflicts': 0, 'observations': 41, 'pending': 1, 'configurations': 37, 'contexts': 3, 'interactions': 0, 'prior_parameters': 0, 'expanded_values': 0, 'top_impacts': [['SYMCC_MULTI_SOLVE', 0.244909, 3], ['SYMCC_EXECUTOR_CLASS', 0.163612, 3], ['SYMCC_BACKSOLVER', 0.108535, 2], ['SYMCC_POLY_CROSS_PREFIX_PROBES', 0.032237, 4], ['SYMCC_POLY_EXACT_PROJECTION_TIMEOUT', 4.1e-05, 4], ['SYMCC_POLY_CROSS_PREFIX', 2.2e-05, 2], ['SYMCC_POLY_CACHE', 2.1e-05, 2], ['SYMCC_POLY_EXACT_PROJECTION', 1.5e-05, 2]], 'value_policy': 'hybrid', 'silhouette_threshold': 0.7, 'cluster_window': 64, 'min_cluster_samples': 6, 'exploration_reserve': 0.1, 'value_models': 14, 'value_samples': 41, 'value_policy_counts': {'exploit': 0, 'explore': 0, 'thompson': 0, 'constructed': 0, 'state_rejections': 0}, 'parameter_policy': 'hybrid', 'parameter_selection_window': 128, 'parameter_coverage_observations': 41, 'parameter_coverage_features': 107, 'parameter_policy_counts': {'extraction': 42, 'parasuit': 0, 'hybrid': 0, 'hierarchical': 0, 'fallback': 0, 'missing_coverage': 0, 'state_rejections': 0}}
[Master] Components: {'schema': 1, 'current': {'seed': 'frontier', 'splitter': 'focus', 'solver': 'learned', 'replay': 'fresh'}, 'switches': 3, 'observations': 41, 'families': {'seed': {'contextual': {'alpha': 1.0, 'beta': 1.0, 'pulls': 0, 'reward_sum': 0.0, 'cost_sum': 0.0}, 'frontier': {'alpha': 1.536905481976726, 'beta': 24.463094518023276, 'pulls': 24, 'reward_sum': 0.5369054819767256, 'cost_sum': 0.3987261351721827}, 'yield': {'alpha': 3.368238212714295, 'beta': 14.631761787285704, 'pulls': 16, 'reward_sum': 2.368238212714295, 'cost_sum': 5.9232064120296855}, 'fifo': {'alpha': 1.3843320686368958, 'beta': 1.6156679313631042, 'pulls': 1, 'reward_sum': 0.3843320686368959, 'cost_sum': 22.046988539019367}}, 'splitter': {'whole': {'alpha': 1.3843320686368958, 'beta': 1.6156679313631042, 'pulls': 1, 'reward_sum': 0.3843320686368959, 'cost_sum': 22.046988539019367}, 'focus': {'alpha': 1.536905481976726, 'beta': 24.463094518023276, 'pulls': 24, 'reward_sum': 0.5369054819767256, 'cost_sum': 0.3987261351721827}, 'density': {'alpha': 3.368238212714295, 'beta': 14.631761787285704, 'pulls': 16, 'reward_sum': 2.368238212714295, 'cost_sum': 5.9232064120296855}}, 'solver': {'learned': {'alpha': 1.536905481976726, 'beta': 24.463094518023276, 'pulls': 24, 'reward_sum': 0.5369054819767256, 'cost_sum': 0.3987261351721827}, 'exact': {'alpha': 3.7525702813511908, 'beta': 15.24742971864881, 'pulls': 17, 'reward_sum': 2.7525702813511908, 'cost_sum': 27.970194951049052}, 'diverse': {'alpha': 1.0, 'beta': 1.0, 'pulls': 0, 'reward_sum': 0.0, 'cost_sum': 0.0}}, 'replay': {'balanced': {'alpha': 3.368238212714295, 'beta': 14.631761787285704, 'pulls': 16, 'reward_sum': 2.368238212714295, 'cost_sum': 5.9232064120296855}, 'prefix': {'alpha': 1.3843320686368958, 'beta': 1.6156679313631042, 'pulls': 1, 'reward_sum': 0.3843320686368959, 'cost_sum': 22.046988539019367}, 'fresh': {'alpha': 1.536905481976726, 'beta': 24.463094518023276, 'pulls': 24, 'reward_sum': 0.5369054819767256, 'cost_sum': 0.3987261351721827}}}} parallel={'current': 1, 'minimum': 1, 'maximum': 1, 'direction': 1, 'adjustments': 0, 'previous_utility': 0.1636547668824622}
[PROF] scan=17.24s/311x dispatch=0.70s/42x recv=0.03s/41x(9KB) triage=1.38s/41x idle=19.41s
[Master] 66 interesting / 385 generated, 1 busy (0 tc/s)
[Master] 66 interesting / 385 generated, 1 busy (0 tc/s)
[Master] Verified proposals: +0 ingested, 2 queued
[Master] Verified proposals: +0 ingested, 2 queued
[Master] 66 interesting / 385 generated, 1 busy (0 tc/s)
[Master] Verified proposals: +0 ingested, 2 queued
[Master] Verified proposals: +0 ingested, 2 queued
[Master] 66 interesting / 385 generated, 1 busy (0 tc/s)
[Master] Verified proposals: +0 ingested, 2 queued
[Master] Verified proposals: +0 ingested, 2 queued
[Master] 66 interesting / 385 generated, 1 busy (0 tc/s)
[Master] Verified proposals: +0 ingested, 2 queued
[Master] Verified proposals: +0 ingested, 2 queued
[Master] 66 interesting / 394 generated, 1 busy (4 tc/s)
[Master] Verified proposals: +0 ingested, 2 queued
[Master] Verified proposals: +0 ingested, 2 queued
[Master] 66 interesting / 395 generated, 1 busy (0 tc/s)
[Master] Verified proposals: +0 ingested, 2 queued
[Master] Verified proposals: +0 ingested, 2 queued
[Master] 66 interesting / 396 generated, 1 busy (0 tc/s)
[Master] Stats: 105 ok, 0 failed, 66 interesting / 396 total, max_depth=1, active_workers=1/1, yield=[cov=0.07(a=4,b=40) symcc=0.52(a=1,b=1) normal=0.08(a=2,b=63)]
[Master] Adaptive: features=1910 unique_paths=8 data_bits=24 prefix=856/303 strategy_pulls=[105, 0, 0, 0, 0, 0, 0] edge_dep=105/6345 structural=0/0 mpc=0/0 executors={'exact': 19, 'tailored': 70, 'sampling': 16} simifuzz=1/106/0
[Master] SemanticFallback: {'branches': 1112, 'paths': 105, 'observations': 105, 'kinds': {'byte_local': 556, 'opaque': 556}, 'actions': {'solve': 673, 'sample': 439}}
[Master] VerifiedProposals: {'schema': 15, 'records': 132, 'status': {'retry': 63, 'pending': 69}, 'rejected_inputs': 0, 'duplicate_inputs': 0, 'query_hole_records': 0, 'query_hole_query_ir_verified': 0, 'history_acquisition_records': 0, 'parser_validations': 0, 'parser_accepted': 0, 'parser_structural_contexts': 0, 'parser_trace_nodes': 0, 'parser_productions': 0, 'parser_recursive_productions': 0, 'parser_cfg_fragments': 0, 'parser_cfg_productions': 0, 'parser_cfg_cycles': 0, 'parser_cfg_recursive_slots': 0, 'parser_cfg_alternatives': 0, 'parser_epsilon_productions': 0, 'parser_packed_nodes': 0, 'parser_packed_edges': 0, 'parser_nullable_rules': 0, 'parser_nullable_proofs': 0, 'parser_nullable_sccs': 0, 'parser_ect_instances': 0, 'parser_ect_shapes': 0, 'synchronized_transactions': 0, 'parser_cache_entries': 0, 'parser_cache_requests': 0, 'parser_cache_incremental_offers': 0, 'parser_cache_hits': 0, 'parser_cache_reused_nodes': 0, 'parser_cache_invalidated_nodes': 0, 'parser_incremental_receipts': 0, 'parser_incremental_zero_reuse': 0, 'parser_node_id_proofs': 0, 'parser_wall_time_us': 0, 'parser_reported_parse_time_us': 0, 'parser_trace_bytes': 0, 'parser_forest_traces': 0, 'parser_forest_complete_traces': 0, 'parser_forest_proofs': 0, 'parser_forest_raw_nodes': 0, 'parser_forest_encoded_nodes': 0, 'parser_forest_primary_clones': 0, 'parser_forest_packed_alternatives': 0, 'parser_forest_edges': 0, 'parser_forest_nullable_rules': 0, 'parser_forest_parse_time_us': 0, 'parser_forest_grammars': 0, 'parser_cross_traces': 0, 'parser_cross_agreements': 0, 'parser_cross_both_accept': 0, 'parser_cross_primary_only': 0, 'parser_cross_secondary_only': 0, 'parser_cross_both_reject': 0, 'parser_cross_primary_time_us': 0, 'parser_cross_secondary_time_us': 0, 'parser_cross_structural_pairs': 0, 'parser_cross_primary_selected_spans': 0, 'parser_cross_primary_forest_spans': 0, 'parser_cross_secondary_spans': 0, 'parser_cross_selected_shared_spans': 0, 'parser_cross_forest_shared_spans': 0, 'parser_cross_selected_union_spans': 0, 'parser_cross_forest_union_spans': 0, 'parser_cross_primary_boundaries': 0, 'parser_cross_secondary_boundaries': 0, 'parser_cross_shared_boundaries': 0, 'parser_cross_union_boundaries': 0, 'parser_cross_primary_symbols': 0, 'parser_cross_secondary_symbols': 0, 'parser_cross_symbol_correspondences': 0, 'parser_cross_ambiguous_symbol_spans': 0, 'parser_cross_production_correspondences': 0, 'parser_cross_symbol_mappings': 0, 'parser_cross_production_mappings': 0, 'parser_cross_command_pairs': 0, 'parser_cache_enabled': 1, 'validated': 63, 'retained': 0, 'coverage_features': 0}
[Master] SelfConfig: {'parameters': 28, 'registry_parameters': 66, 'parameter_schema_hash': '82234528e9ab4bb8fd87b78779a2351f961ba57a47b3f8008df9e41f1384de02', 'registry_provenance_hash': 'a3961f43c4b88d836311aa4a06e583bd06524c2b4c56218901031a4a43efb885', 'registry_providers': 4, 'registry_errors': 0, 'registry_conflicts': 0, 'observations': 105, 'pending': 1, 'configurations': 91, 'contexts': 4, 'interactions': 31, 'prior_parameters': 0, 'expanded_values': 0, 'top_impacts': [['SYMCC_BACKSOLVER', 0.286877, 10], ['SYMCC_MULTI_SOLVE', 0.244909, 3], ['SYMCC_PREFIX_CONTEXT_CACHE', 0.181952, 10], ['SYMCC_UNSAT_CORE_CACHE', 0.054587, 13], ['SYMCC_EXECUTOR_CLASS', 0.047366, 16], ['SYMCC_POLY_CROSS_PREFIX_PROBES', 0.032237, 4], ['SYMCC_POLY_SAMPLES', 0.028923, 4], ['SYMCC_POLY_EXACT_PROJECTION_TIMEOUT', 4.1e-05, 4]], 'value_policy': 'hybrid', 'silhouette_threshold': 0.7, 'cluster_window': 64, 'min_cluster_samples': 6, 'exploration_reserve': 0.1, 'value_models': 28, 'value_samples': 128, 'value_policy_counts': {'exploit': 14, 'explore': 24, 'thompson': 0, 'constructed': 0, 'state_rejections': 0}, 'parameter_policy': 'hybrid', 'parameter_selection_window': 128, 'parameter_coverage_observations': 105, 'parameter_coverage_features': 108, 'parameter_policy_counts': {'extraction': 88, 'parasuit': 0, 'hybrid': 14, 'hierarchical': 0, 'fallback': 0, 'missing_coverage': 0, 'state_rejections': 0}}
[Master] Components: {'schema': 1, 'current': {'seed': 'contextual', 'splitter': 'density', 'solver': 'diverse', 'replay': 'prefix'}, 'switches': 4, 'observations': 105, 'families': {'seed': {'contextual': {'alpha': 2.7904244088940335, 'beta': 62.20957559110599, 'pulls': 63, 'reward_sum': 1.7904244088940322, 'cost_sum': 5.55441466497723}, 'frontier': {'alpha': 1.5592828474841371, 'beta': 25.440717152515866, 'pulls': 25, 'reward_sum': 0.5592828474841366, 'cost_sum': 0.41450734017416835}, 'yield': {'alpha': 3.368238212714295, 'beta': 14.631761787285704, 'pulls': 16, 'reward_sum': 2.368238212714295, 'cost_sum': 5.9232064120296855}, 'fifo': {'alpha': 1.3843320686368958, 'beta': 1.6156679313631042, 'pulls': 1, 'reward_sum': 0.3843320686368959, 'cost_sum': 22.046988539019367}}, 'splitter': {'whole': {'alpha': 1.3843320686368958, 'beta': 1.6156679313631042, 'pulls': 1, 'reward_sum': 0.3843320686368959, 'cost_sum': 22.046988539019367}, 'focus': {'alpha': 1.5592828474841371, 'beta': 25.440717152515866, 'pulls': 25, 'reward_sum': 0.5592828474841366, 'cost_sum': 0.41450734017416835}, 'density': {'alpha': 5.158662621608331, 'beta': 75.84133737839169, 'pulls': 79, 'reward_sum': 4.158662621608329, 'cost_sum': 11.477621077006916}}, 'solver': {'learned': {'alpha': 1.5592828474841371, 'beta': 25.440717152515866, 'pulls': 25, 'reward_sum': 0.5592828474841366, 'cost_sum': 0.41450734017416835}, 'exact': {'alpha': 3.7525702813511908, 'beta': 15.24742971864881, 'pulls': 17, 'reward_sum': 2.7525702813511908, 'cost_sum': 27.970194951049052}, 'diverse': {'alpha': 2.7904244088940335, 'beta': 62.20957559110599, 'pulls': 63, 'reward_sum': 1.7904244088940322, 'cost_sum': 5.55441466497723}}, 'replay': {'balanced': {'alpha': 3.368238212714295, 'beta': 14.631761787285704, 'pulls': 16, 'reward_sum': 2.368238212714295, 'cost_sum': 5.9232064120296855}, 'prefix': {'alpha': 3.174756477530929, 'beta': 62.82524352246909, 'pulls': 64, 'reward_sum': 2.1747564775309285, 'cost_sum': 27.601403203996597}, 'fresh': {'alpha': 1.5592828474841371, 'beta': 25.440717152515866, 'pulls': 25, 'reward_sum': 0.5592828474841366, 'cost_sum': 0.41450734017416835}}}} parallel={'current': 1, 'minimum': 1, 'maximum': 1, 'direction': 1, 'adjustments': 0, 'previous_utility': 0.1636547668824622}
[PROF] scan=28.40s/415x dispatch=1.67s/106x recv=0.06s/105x(9KB) triage=3.21s/105x idle=20.00s
[Master] Verified proposals: +0 ingested, 2 queued
[Master] Verified proposals: +0 ingested, 2 queued
[Master] 72 interesting / 416 generated, 1 busy (10 tc/s)
[Master] Verified proposals: +0 ingested, 2 queued
[Master] Verified proposals: +0 ingested, 2 queued
[Master] 86 interesting / 484 generated, 1 busy (34 tc/s)
[Master] Verified proposals: +0 ingested, 2 queued
[Master] Verified proposals: +0 ingested, 2 queued
[Master] 105 interesting / 573 generated, 1 busy (44 tc/s)
[Master] Verified proposals: +0 ingested, 2 queued
[Master] Verified proposals: +0 ingested, 2 queued
[Master] 109 interesting / 583 generated, 1 busy (5 tc/s)
[Master] Verified proposals: +0 ingested, 2 queued
[Master] Verified proposals: +0 ingested, 2 queued
[Master] 109 interesting / 583 generated, 1 busy (0 tc/s)
[Master] Verified proposals: +0 ingested, 2 queued
[Master] Verified proposals: +0 ingested, 2 queued
[Master] 109 interesting / 583 generated, 1 busy (0 tc/s)
[Master] Verified proposals: +0 ingested, 2 queued
[Master] Verified proposals: +0 ingested, 2 queued
[Master] 109 interesting / 583 generated, 1 busy (0 tc/s)
[Master] Verified proposals: +0 ingested, 2 queued
[Master] Stats: 184 ok, 0 failed, 109 interesting / 583 total, max_depth=1, active_workers=1/1, yield=[cov=0.15(a=14,b=93) symcc=0.68(a=1,b=1) normal=0.01(a=2,b=79)]
[Master] Adaptive: features=3715 unique_paths=19 data_bits=376 prefix=1264/448 strategy_pulls=[184, 0, 0, 0, 0, 0, 0] edge_dep=163/9369 structural=0/0 mpc=0/0 executors={'exact': 26, 'tailored': 128, 'sampling': 30} simifuzz=1/185/0
[Master] SemanticFallback: {'branches': 1638, 'paths': 184, 'observations': 184, 'kinds': {'byte_local': 819, 'opaque': 819}, 'actions': {'solve': 1199, 'sample': 439}}
[Master] VerifiedProposals: {'schema': 15, 'records': 338, 'status': {'retry': 79, 'queued': 14, 'pending': 245}, 'rejected_inputs': 0, 'duplicate_inputs': 0, 'query_hole_records': 0, 'query_hole_query_ir_verified': 0, 'history_acquisition_records': 0, 'parser_validations': 0, 'parser_accepted': 0, 'parser_structural_contexts': 0, 'parser_trace_nodes': 0, 'parser_productions': 0, 'parser_recursive_productions': 0, 'parser_cfg_fragments': 0, 'parser_cfg_productions': 0, 'parser_cfg_cycles': 0, 'parser_cfg_recursive_slots': 0, 'parser_cfg_alternatives': 0, 'parser_epsilon_productions': 0, 'parser_packed_nodes': 0, 'parser_packed_edges': 0, 'parser_nullable_rules': 0, 'parser_nullable_proofs': 0, 'parser_nullable_sccs': 0, 'parser_ect_instances': 0, 'parser_ect_shapes': 0, 'synchronized_transactions': 0, 'parser_cache_entries': 0, 'parser_cache_requests': 0, 'parser_cache_incremental_offers': 0, 'parser_cache_hits': 0, 'parser_cache_reused_nodes': 0, 'parser_cache_invalidated_nodes': 0, 'parser_incremental_receipts': 0, 'parser_incremental_zero_reuse': 0, 'parser_node_id_proofs': 0, 'parser_wall_time_us': 0, 'parser_reported_parse_time_us': 0, 'parser_trace_bytes': 0, 'parser_forest_traces': 0, 'parser_forest_complete_traces': 0, 'parser_forest_proofs': 0, 'parser_forest_raw_nodes': 0, 'parser_forest_encoded_nodes': 0, 'parser_forest_primary_clones': 0, 'parser_forest_packed_alternatives': 0, 'parser_forest_edges': 0, 'parser_forest_nullable_rules': 0, 'parser_forest_parse_time_us': 0, 'parser_forest_grammars': 0, 'parser_cross_traces': 0, 'parser_cross_agreements': 0, 'parser_cross_both_accept': 0, 'parser_cross_primary_only': 0, 'parser_cross_secondary_only': 0, 'parser_cross_both_reject': 0, 'parser_cross_primary_time_us': 0, 'parser_cross_secondary_time_us': 0, 'parser_cross_structural_pairs': 0, 'parser_cross_primary_selected_spans': 0, 'parser_cross_primary_forest_spans': 0, 'parser_cross_secondary_spans': 0, 'parser_cross_selected_shared_spans': 0, 'parser_cross_forest_shared_spans': 0, 'parser_cross_selected_union_spans': 0, 'parser_cross_forest_union_spans': 0, 'parser_cross_primary_boundaries': 0, 'parser_cross_secondary_boundaries': 0, 'parser_cross_shared_boundaries': 0, 'parser_cross_union_boundaries': 0, 'parser_cross_primary_symbols': 0, 'parser_cross_secondary_symbols': 0, 'parser_cross_symbol_correspondences': 0, 'parser_cross_ambiguous_symbol_spans': 0, 'parser_cross_production_correspondences': 0, 'parser_cross_symbol_mappings': 0, 'parser_cross_production_mappings': 0, 'parser_cross_command_pairs': 0, 'parser_cache_enabled': 1, 'validated': 79, 'retained': 0, 'coverage_features': 0}
[Master] SelfConfig: {'parameters': 28, 'registry_parameters': 66, 'parameter_schema_hash': '82234528e9ab4bb8fd87b78779a2351f961ba57a47b3f8008df9e41f1384de02', 'registry_provenance_hash': 'a3961f43c4b88d836311aa4a06e583bd06524c2b4c56218901031a4a43efb885', 'registry_providers': 4, 'registry_errors': 0, 'registry_conflicts': 0, 'observations': 184, 'pending': 1, 'configurations': 105, 'contexts': 4, 'interactions': 66, 'prior_parameters': 0, 'expanded_values': 0, 'top_impacts': [['SYMCC_BACKSOLVER', 0.324317, 76], ['SYMCC_MULTI_SOLVE', 0.244909, 3], ['SYMCC_PREFIX_CONTEXT_CACHE', 0.11256, 68], ['SYMCC_UNSAT_CORE_CACHE', 0.112085, 64], ['SYMCC_EXECUTOR_CLASS', 0.073891, 56], ['SYMCC_POLY_CROSS_PREFIX_PROBES', 0.032237, 4], ['SYMCC_POLY_SAMPLES', 0.028923, 4], ['SYMCC_POLY_EXACT_PROJECTION_TIMEOUT', 4.1e-05, 4]], 'value_policy': 'hybrid', 'silhouette_threshold': 0.7, 'cluster_window': 64, 'min_cluster_samples': 6, 'exploration_reserve': 0.1, 'value_models': 28, 'value_samples': 343, 'value_policy_counts': {'exploit': 203, 'explore': 52, 'thompson': 0, 'constructed': 0, 'state_rejections': 0}, 'parameter_policy': 'hybrid', 'parameter_selection_window': 128, 'parameter_coverage_observations': 128, 'parameter_coverage_features': 122, 'parameter_policy_counts': {'extraction': 88, 'parasuit': 0, 'hybrid': 93, 'hierarchical': 0, 'fallback': 0, 'missing_coverage': 0, 'state_rejections': 0}}
[Master] Components: {'schema': 1, 'current': {'seed': 'yield', 'splitter': 'focus', 'solver': 'learned', 'replay': 'balanced'}, 'switches': 5, 'observations': 184, 'families': {'seed': {'contextual': {'alpha': 2.8127995856790835, 'beta': 63.18720041432094, 'pulls': 64, 'reward_sum': 1.8127995856790824, 'cost_sum': 5.5704813599877525}, 'frontier': {'alpha': 1.5592828474841371, 'beta': 25.440717152515866, 'pulls': 25, 'reward_sum': 0.5592828474841366, 'cost_sum': 0.41450734017416835}, 'yield': {'alpha': 12.583601237659126, 'beta': 83.41639876234086, 'pulls': 94, 'reward_sum': 11.583601237659126, 'cost_sum': 7.731874997843988}, 'fifo': {'alpha': 1.3843320686368958, 'beta': 1.6156679313631042, 'pulls': 1, 'reward_sum': 0.3843320686368959, 'cost_sum': 22.046988539019367}}, 'splitter': {'whole': {'alpha': 1.3843320686368958, 'beta': 1.6156679313631042, 'pulls': 1, 'reward_sum': 0.3843320686368959, 'cost_sum': 22.046988539019367}, 'focus': {'alpha': 10.774645872428966, 'beta': 94.22535412757101, 'pulls': 103, 'reward_sum': 9.774645872428966, 'cost_sum': 2.223175925988471}, 'density': {'alpha': 5.181037798393381, 'beta': 76.81896220160664, 'pulls': 80, 'reward_sum': 4.181037798393379, 'cost_sum': 11.493687772017438}}, 'solver': {'learned': {'alpha': 10.774645872428966, 'beta': 94.22535412757101, 'pulls': 103, 'reward_sum': 9.774645872428966, 'cost_sum': 2.223175925988471}, 'exact': {'alpha': 3.7525702813511908, 'beta': 15.24742971864881, 'pulls': 17, 'reward_sum': 2.7525702813511908, 'cost_sum': 27.970194951049052}, 'diverse': {'alpha': 2.8127995856790835, 'beta': 63.18720041432094, 'pulls': 64, 'reward_sum': 1.8127995856790824, 'cost_sum': 5.5704813599877525}}, 'replay': {'balanced': {'alpha': 12.583601237659126, 'beta': 83.41639876234086, 'pulls': 94, 'reward_sum': 11.583601237659126, 'cost_sum': 7.731874997843988}, 'prefix': {'alpha': 3.197131654315979, 'beta': 63.80286834568404, 'pulls': 65, 'reward_sum': 2.1971316543159785, 'cost_sum': 27.61746989900712}, 'fresh': {'alpha': 1.5592828474841371, 'beta': 25.440717152515866, 'pulls': 25, 'reward_sum': 0.5592828474841366, 'cost_sum': 0.41450734017416835}}}} parallel={'current': 1, 'minimum': 1, 'maximum': 1, 'direction': 1, 'adjustments': 0, 'previous_utility': 0.3543604010886535}
[PROF] scan=30.64s/541x dispatch=3.01s/185x recv=0.11s/184x(16KB) triage=5.97s/184x idle=25.31s
[Master] Verified proposals: +0 ingested, 2 queued
[Master] 109 interesting / 583 generated, 1 busy (0 tc/s)
[Master] Verified proposals: +0 ingested, 2 queued
[Master] Verified proposals: +0 ingested, 2 queued
[Master] 109 interesting / 583 generated, 1 busy (0 tc/s)
[Master] Verified proposals: +0 ingested, 2 queued
[Master] Verified proposals: +0 ingested, 2 queued
[Master] 109 interesting / 583 generated, 1 busy (0 tc/s)
[Master] Verified proposals: +0 ingested, 2 queued
[Master] Verified proposals: +0 ingested, 2 queued
[Master] 114 interesting / 622 generated, 1 busy (19 tc/s)
[Master] Verified proposals: +0 ingested, 2 queued
[Master] Verified proposals: +0 ingested, 2 queued
[Master] 115 interesting / 641 generated, 1 busy (9 tc/s)
[Master] Verified proposals: +0 ingested, 2 queued
[Master] OnlineEVP: {'dirty': False, 'records_observed': 0, 'window_records': 0, 'generations_published': 0, 'semantic_noops': 0, 'publication_failures': 0, 'checkpoint_truncations': 0, 'checkpoint_failures': 0, 'recovery_replays': 0, 'recovery_replay_mismatches': 0, 'suppression_generations': 0, 'profiles_suppressed': 0, 'current_version': '', 'current_profiles': 0, 'current_suppressed': 0, 'empirical_domain_profiles_loaded': 0, 'empirical_domain_context_skips': 0, 'empirical_domain_parse_failures': 0, 'empirical_domain_attempts': 0, 'empirical_domain_prefilter_rejects': 0, 'empirical_domain_solver_queries': 0, 'empirical_domain_solver_time_us': 0, 'empirical_domain_sat': 0, 'empirical_domain_validated': 0, 'empirical_domain_validation_failures': 0, 'empirical_domain_unsat_fallbacks': 0, 'empirical_domain_unknown_fallbacks': 0}
